Datapoint name;Value;Timestamp;Selected;DP Status;
subsystem1.device2.dp100;3,4,5;;;0;
subsystem1.device2.dp13;2019-03-29 15:24:28.977;;;0;
subsystem2.device1.dp101;532,14,325;;;0;
subsystem1.device1.dp104;23,235,32;;;0;
subsystem2.device2.dp117;100;;;0;