Datapoint name;Value;Timestamp;Selected;DP Status;
subsystem1.device2.dp101;0;;;0;
subsystem1.device2.dp100;14,35,45;;;0;